// Vitest Snapshot v1

exports[`SwitchThemeButton > checks SwitchThemeButton's snapshot 1`] = `
<button
  className="MuiButtonBase-root MuiIconButton-root MuiIconButton-sizeMedium text-inherit left-2 css-78trlr-MuiButtonBase-root-MuiIconButton-root"
  disabled={false}
  onBlur={[Function]}
  onClick={[Function]}
  onContextMenu={[Function]}
  onDragLeave={[Function]}
  onFocus={[Function]}
  onKeyDown={[Function]}
  onKeyUp={[Function]}
  onMouseDown={[Function]}
  onMouseLeave={[Function]}
  onMouseUp={[Function]}
  onTouchEnd={[Function]}
  onTouchMove={[Function]}
  onTouchStart={[Function]}
  tabIndex={0}
  type="button"
>
  <svg
    fill="currentColor"
    height="1em"
    stroke="currentColor"
    strokeWidth="0"
    style={
      {
        "color": undefined,
      }
    }
    viewBox="0 0 24 24"
    width="1em"
    xmlns="http://www.w3.org/2000/svg"
  >
    <g>
      <path
        d="M0 0h24v24H0z"
        fill="none"
      />
      <path
        d="M16 20.334V18h-2v-4H3.332A9.511 9.511 0 0 1 3 11.5c0-4.56 3.213-8.37 7.5-9.289a8 8 0 0 0 11.49 9.724 9.505 9.505 0 0 1-5.99 8.4zM7 20h7v2H7v-2zm-5-4h10v2H2v-2z"
        fillRule="nonzero"
      />
    </g>
  </svg>
</button>
`;
