// Vitest Snapshot v1

exports[`checks lightTheme's snapshot 1`] = `
{
  "palette": {
    "mode": "light",
  },
}
`;
